exports[`test EnumCell renders 1`] = `
<Combobox
  autosize={true}
  onBlur={[Function]}
  onKeyDown={[Function]}
  onSelect={[Function]}
  options={
    Array [
      "asd",
      "def",
    ]
  }
  value="asd" />
`;
