exports[`test IntCell renders 1`] = `
<input
  autoFocus={true}
  onChange={[Function]}
  onKeyDown={[Function]}
  placeholder="Enter an Integer..."
  type="text"
  value="1" />
`;
