exports[`test StringCell renders 1`] = `
<textarea
  autoFocus={true}
  defaultValue="some string"
  onBlur={[Function]}
  onChange={[Function]}
  onKeyDown={[Function]}
  style={
    Object {
      "height": 56,
    }
  }
  type="text" />
`;
